// Jest Snapshot v1, https://goo.gl/fbAQLP

exports[`AssetDescriptionsController GET /asset_descriptions with an invalid query returns a 422 1`] = `
{
  "error": "Unprocessable Entity",
  "message": [
    ""asset" required to query for asset descriptions",
    "asset must be a string",
  ],
  "statusCode": 422,
}
`;
