// Jest Snapshot v1, https://goo.gl/fbAQLP

exports[`TelemetryController POST /telemetry with empty or invalid arguments returns a 422 1`] = `
Object {
  "error": "Unprocessable Entity",
  "message": Array [
    "points.0.fields.0.type must be one of the following values: boolean, float, integer, string",
    "points.0.fields.1.value must be a boolean value",
    "points.0.fields.2.value must be a positive number",
    "points.0.fields.2.value must be a number conforming to the specified constraints",
    "points.0.fields.3.value must be a positive number",
    "points.0.fields.3.value must be an integer number",
    "points.0.fields.4.value must be a string",
    "points.0.measurement should not be empty",
    "points.0.timestamp must be a Date instance",
    "points.0.tags.0.name must be a string",
    "points.0.tags.0.name should not be empty",
    "points.0.tags.0.value must be a string",
    "points.0.tags.0.value should not be empty",
  ],
  "statusCode": 422,
}
`;

exports[`TelemetryController POST /telemetry with missing arguments returns a 422 1`] = `
Object {
  "error": "Unprocessable Entity",
  "message": Array [
    "points must contain not more than 3000 elements",
    "points must be an array",
  ],
  "statusCode": 422,
}
`;
