// Jest Snapshot v1, https://goo.gl/fbAQLP

exports[`TransactionsController GET /transactions/find with block info not requested with an invalid hash returns a 404 1`] = `
{
  "message": "Not Found",
  "statusCode": 404,
}
`;

exports[`TransactionsController GET /transactions/find with block info not requested with an undefined hash returns a 422 1`] = `
{
  "error": "Unprocessable Entity",
  "message": [
    "hash must be a string",
  ],
  "statusCode": 422,
}
`;

exports[`TransactionsController GET /transactions/find with block info requested with an invalid hash returns a 404 1`] = `
{
  "message": "Not Found",
  "statusCode": 404,
}
`;

exports[`TransactionsController GET /transactions/find with block info requested with an undefined hash returns a 422 1`] = `
{
  "error": "Unprocessable Entity",
  "message": [
    "hash must be a string",
  ],
  "statusCode": 422,
}
`;
